// Jest Snapshot v1, https://goo.gl/fbAQLP

exports[`AdminPage Component matches snapshot 1`] = `
<DocumentFragment>
  <div
    class="tablet:margin-x-8 overflow-x-auto overflow-y-hidden"
  >
    <h1
      class="usa-prose"
    >
      User Administration
    </h1>
    <form
      class="grid-row flex-row flex-justify-center flex-align-center"
    >
      <div
        class="grid-col-full tablet:grid-col-2 margin-x-2"
      >
        <select
          class="usa-select"
          placeholder="Field"
        >
          <option
            value="lastName"
          >
            Last Name
          </option>
          <option
            value="dodid"
          >
            DODID
          </option>
        </select>
      </div>
      <div
        class="grid-col-10 tablet:grid-col-3"
      >
        <input
          class="usa-input noOutline"
          placeholder="Search"
          type="text"
          value=""
        />
      </div>
      <div
        class="grid-col-auto"
      >
        <button
          class="usa-button margin-top-1 square"
          type="submit"
        >
          <svg
            aria-hidden="true"
            class="svg-inline--fa fa-search fa-w-16 "
            data-icon="search"
            data-prefix="fas"
            focusable="false"
            role="img"
            viewBox="0 0 512 512"
            xmlns="http://www.w3.org/2000/svg"
          >
            <path
              d="M505 442.7L405.3 343c-4.5-4.5-10.6-7-17-7H372c27.6-35.3 44-79.7 44-128C416 93.1 322.9 0 208 0S0 93.1 0 208s93.1 208 208 208c48.3 0 92.7-16.4 128-44v16.3c0 6.4 2.5 12.5 7 17l99.7 99.7c9.4 9.4 24.6 9.4 33.9 0l28.3-28.3c9.4-9.4 9.4-24.6.1-34zM208 336c-70.7 0-128-57.2-128-128 0-70.7 57.2-128 128-128 70.7 0 128 57.2 128 128 0 70.7-57.2 128-128 128z"
              fill="currentColor"
            />
          </svg>
        </button>
      </div>
    </form>
    <table
      class="usa-table grid-col-12 usa-table--borderless tableBorders"
      role="table"
    >
      <thead>
        <tr
          role="row"
        >
          <th
            colspan="1"
            role="columnheader"
          >
            <div
              class="display-flex flex-justify flex-align-center flex-no-wrap text-no-wrap"
            >
              Loading
            </div>
          </th>
          <th
            colspan="1"
            role="columnheader"
            style="cursor: pointer;"
            title="Toggle SortBy"
          >
            <div
              class="display-flex flex-justify flex-align-center flex-no-wrap text-no-wrap"
            >
              AAC
              <svg
                aria-hidden="true"
                class="svg-inline--fa fa-chevron-up fa-w-14 margin-left-05"
                data-icon="chevron-up"
                data-prefix="fas"
                focusable="false"
                role="img"
                style="visibility: hidden;"
                viewBox="0 0 448 512"
                xmlns="http://www.w3.org/2000/svg"
              >
                <path
                  d="M240.971 130.524l194.343 194.343c9.373 9.373 9.373 24.569 0 33.941l-22.667 22.667c-9.357 9.357-24.522 9.375-33.901.04L224 227.495 69.255 381.516c-9.379 9.335-24.544 9.317-33.901-.04l-22.667-22.667c-9.373-9.373-9.373-24.569 0-33.941L207.03 130.525c9.372-9.373 24.568-9.373 33.941-.001z"
                  fill="currentColor"
                />
              </svg>
            </div>
          </th>
          <th
            colspan="1"
            role="columnheader"
            style="cursor: pointer;"
            title="Toggle SortBy"
          >
            <div
              class="display-flex flex-justify flex-align-center flex-no-wrap text-no-wrap"
            >
              First Name
              <svg
                aria-hidden="true"
                class="svg-inline--fa fa-chevron-up fa-w-14 margin-left-05"
                data-icon="chevron-up"
                data-prefix="fas"
                focusable="false"
                role="img"
                style="visibility: hidden;"
                viewBox="0 0 448 512"
                xmlns="http://www.w3.org/2000/svg"
              >
                <path
                  d="M240.971 130.524l194.343 194.343c9.373 9.373 9.373 24.569 0 33.941l-22.667 22.667c-9.357 9.357-24.522 9.375-33.901.04L224 227.495 69.255 381.516c-9.379 9.335-24.544 9.317-33.901-.04l-22.667-22.667c-9.373-9.373-9.373-24.569 0-33.941L207.03 130.525c9.372-9.373 24.568-9.373 33.941-.001z"
                  fill="currentColor"
                />
              </svg>
            </div>
          </th>
          <th
            colspan="1"
            role="columnheader"
            style="cursor: pointer;"
            title="Toggle SortBy"
          >
            <div
              class="display-flex flex-justify flex-align-center flex-no-wrap text-no-wrap"
            >
              Last Name
              <svg
                aria-hidden="true"
                class="svg-inline--fa fa-chevron-up fa-w-14 margin-left-05"
                data-icon="chevron-up"
                data-prefix="fas"
                focusable="false"
                role="img"
                style="visibility: hidden;"
                viewBox="0 0 448 512"
                xmlns="http://www.w3.org/2000/svg"
              >
                <path
                  d="M240.971 130.524l194.343 194.343c9.373 9.373 9.373 24.569 0 33.941l-22.667 22.667c-9.357 9.357-24.522 9.375-33.901.04L224 227.495 69.255 381.516c-9.379 9.335-24.544 9.317-33.901-.04l-22.667-22.667c-9.373-9.373-9.373-24.569 0-33.941L207.03 130.525c9.372-9.373 24.568-9.373 33.941-.001z"
                  fill="currentColor"
                />
              </svg>
            </div>
          </th>
          <th
            colspan="1"
            role="columnheader"
            style="cursor: pointer;"
            title="Toggle SortBy"
          >
            <div
              class="display-flex flex-justify flex-align-center flex-no-wrap text-no-wrap"
            >
              DODID
              <svg
                aria-hidden="true"
                class="svg-inline--fa fa-chevron-up fa-w-14 margin-left-05"
                data-icon="chevron-up"
                data-prefix="fas"
                focusable="false"
                role="img"
                style="visibility: hidden;"
                viewBox="0 0 448 512"
                xmlns="http://www.w3.org/2000/svg"
              >
                <path
                  d="M240.971 130.524l194.343 194.343c9.373 9.373 9.373 24.569 0 33.941l-22.667 22.667c-9.357 9.357-24.522 9.375-33.901.04L224 227.495 69.255 381.516c-9.379 9.335-24.544 9.317-33.901-.04l-22.667-22.667c-9.373-9.373-9.373-24.569 0-33.941L207.03 130.525c9.372-9.373 24.568-9.373 33.941-.001z"
                  fill="currentColor"
                />
              </svg>
            </div>
          </th>
          <th
            colspan="1"
            role="columnheader"
          >
            <div
              class="display-flex flex-justify flex-align-center flex-no-wrap text-no-wrap"
            >
              D6T
            </div>
          </th>
          <th
            colspan="1"
            role="columnheader"
          >
            <div
              class="display-flex flex-justify flex-align-center flex-no-wrap text-no-wrap"
            >
              COR
            </div>
          </th>
          <th
            colspan="1"
            role="columnheader"
          >
            <div
              class="display-flex flex-justify flex-align-center flex-no-wrap text-no-wrap"
            >
              Submit Permissions
            </div>
          </th>
        </tr>
      </thead>
      <tbody
        role="rowgroup"
      >
        <tr
          role="row"
        >
          <td
            class="td"
            role="cell"
          >
            <span>
              <svg
                aria-hidden="true"
                class="svg-inline--fa fa-check fa-w-16 "
                data-icon="check"
                data-prefix="fas"
                focusable="false"
                role="img"
                viewBox="0 0 512 512"
                xmlns="http://www.w3.org/2000/svg"
              >
                <path
                  d="M173.898 439.404l-166.4-166.4c-9.997-9.997-9.997-26.206 0-36.204l36.203-36.204c9.997-9.998 26.207-9.998 36.204 0L192 312.69 432.095 72.596c9.997-9.997 26.207-9.997 36.204 0l36.203 36.204c9.997 9.997 9.997 26.206 0 36.204l-294.4 294.401c-9.998 9.997-26.207 9.997-36.204-.001z"
                  fill="currentColor"
                />
              </svg>
            </span>
          </td>
          <td
            class="td"
            role="cell"
          >
            testaac
          </td>
          <td
            class="td"
            role="cell"
          >
            testFirst
          </td>
          <td
            class="td"
            role="cell"
          >
            testLast
          </td>
          <td
            class="td"
            role="cell"
          >
            1234123123
          </td>
          <td
            class="td"
            role="cell"
          >
            <div
              class="padding-left-2"
            >
              <input
                class="usa-checkbox__input inp"
                data-testid="has-d6t-checkbox"
                type="checkbox"
              />
            </div>
          </td>
          <td
            class="td"
            role="cell"
          >
            <div
              class="padding-left-2"
            >
              <input
                class="usa-checkbox__input inp"
                data-testid="has-cor-checkbox"
                type="checkbox"
              />
            </div>
          </td>
          <td
            class="td"
            role="cell"
          >
            <div
              class="padding-left-2"
            >
              <button
                class="usa-button"
                disabled=""
              >
                Submit
              </button>
            </div>
          </td>
        </tr>
      </tbody>
    </table>
    <h2>
      Add users
    </h2>
    <div
      class="grid-row flex-row flex-align-center padding-bottom-5"
    >
      <div
        class="margin-right-3"
      >
        <input
          class="usa-input noMargin noOutline"
          placeholder="Search Users"
          type="text"
          value=""
        />
      </div>
      <div>
        <select
          class="usa-select noMargin noOutline"
        >
          <option
            value="1"
          >
            testwarehouse1
          </option>
          <option
            value="2"
          >
            testwarehouse2
          </option>
        </select>
      </div>
    </div>
  </div>
</DocumentFragment>
`;
